╔══════════════════════════╤════════╤══════════╤════════════════════╤═══════════════╤═════════════════════════════════════════════════════════════════╗
║ category                 │ date   │ amount   │ iban               │ name          │ omschrijving                                                    ║
╠══════════════════════════╪════════╪══════════╪════════════════════╪═══════════════╪═════════════════════════════════════════════════════════════════╣
║ rekening_pinpas          │ 201601 │   250.00 │ nl45abna0482059001 │ jlt toebes cj │                                                                 ║
╟──────────────────────────┼────────┼──────────┼────────────────────┼───────────────┼─────────────────────────────────────────────────────────────────╢
║ uitgaven_boodschappen    │ 201601 │   -59.97 │                    │               │ bea nr:5gk304 03.01.16/12.13 700 hoogvliet 04 amersfo,pas599    ║
╟──────────────────────────┼────────┼──────────┼────────────────────┼───────────────┼─────────────────────────────────────────────────────────────────╢
║ uitgaven_boodschappen    │ 201601 │    -2.00 │                    │               │ bea nr:71060507 01.01.16/13.48 bp de ijssel nieuwegein ,pas586  ║
╟──────────────────────────┼────────┼──────────┼────────────────────┼───────────────┼─────────────────────────────────────────────────────────────────╢
║ uitgaven_horeca          │ 201601 │   -35.55 │                    │               │ bea nr:ct105094 02.01.16/17.51 ccv*jordaans horecabed o,pas586  ║
╟──────────────────────────┼────────┼──────────┼────────────────────┼───────────────┼─────────────────────────────────────────────────────────────────╢
║ uitgaven_pin_consumpties │ 201601 │   -10.05 │                    │               │ bea nr:10035713 02.01.16/14.34 texaco apeldoorn apeldoo,pas599  ║
╚══════════════════════════╧════════╧══════════╧════════════════════╧═══════════════╧═════════════════════════════════════════════════════════════════╝
