╔══════════════╤══════════╤══════════╗
║ category     │ 201601   │ sum      ║
╠══════════════╪══════════╪══════════╣
║              │          │          ║
╟──────────────┼──────────┼──────────╢
║ TOTAL        │      140 │      140 ║
╟──────────────┼──────────┼──────────╢
║              │          │          ║
╟──────────────┼──────────┼──────────╢
║ rekening     │      250 │      250 ║
╟──────────────┼──────────┼──────────╢
║ uitgaven     │     -100 │     -100 ║
╟──────────────┼──────────┼──────────╢
║ uitgaven_pin │      -10 │      -10 ║
╚══════════════╧══════════╧══════════╝
