╔═════════════════╤══════════╤══════════╗
║ category        │ 201601   │ sum      ║
╠═════════════════╪══════════╪══════════╣
║                 │          │          ║
╟─────────────────┼──────────┼──────────╢
║ TOTAL           │     -110 │     -110 ║
╟─────────────────┼──────────┼──────────╢
║                 │          │          ║
╟─────────────────┼──────────┼──────────╢
║ boodschappen    │      -60 │      -60 ║
╟─────────────────┼──────────┼──────────╢
║ horeca          │      -40 │      -40 ║
╟─────────────────┼──────────┼──────────╢
║ pin_consumpties │      -10 │      -10 ║
╚═════════════════╧══════════╧══════════╝
