╔══════════╤════════╤══════════╤══════╤══════╤═════════════════════════════════════════════════════════════════╗
║ category │ date   │ amount   │ iban │ name │ omschrijving                                                    ║
╠══════════╪════════╪══════════╪══════╪══════╪═════════════════════════════════════════════════════════════════╣
║          │ 201601 │   -59.97 │      │      │ bea nr:5gk304 03.01.16/12.13 700 hoogvliet 04 amersfo,pas599    ║
╟──────────┼────────┼──────────┼──────┼──────┼─────────────────────────────────────────────────────────────────╢
║          │ 201601 │   -35.55 │      │      │ bea nr:ct105094 02.01.16/17.51 ccv*jordaans horecabed o,pas586  ║
╟──────────┼────────┼──────────┼──────┼──────┼─────────────────────────────────────────────────────────────────╢
║          │ 201601 │    -2.00 │      │      │ bea nr:71060507 01.01.16/13.48 bp de ijssel nieuwegein ,pas586  ║
╚══════════╧════════╧══════════╧══════╧══════╧═════════════════════════════════════════════════════════════════╝
