╔══════════╤══════╤════════╤══════╤══════╤══════════════╗
║ category │ date │ amount │ iban │ name │ omschrijving ║
╠══════════╧══════╧════════╧══════╧══════╧══════════════╣
║ (empty)                                               ║
╚═══════════════════════════════════════════════════════╝
